[shoppu.mochi.at/produkte/merchandising.html]
[backblue.gif]
[fade.gif]
[index.html]
[shoppu.mochi.at/shop_thumbnail.jpg]
[static.klaviyo.com/onsite/js/Vy7wQ6/klaviyo.js]
[shoppu.mochi.at/_nuxt/984e7ee.js]
[shoppu.mochi.at/_nuxt/a9e356b.js]
[shoppu.mochi.at/_nuxt/142cfcc.js]
[shoppu.mochi.at/_nuxt/75fd824.js]
[shoppu.mochi.at/_nuxt/66b05f3.js]
[shoppu.mochi.at/_nuxt/51e8c8c.js]
[shoppu.mochi.at/_nuxt/008b63d.js]
[shoppu.mochi.at/hover_cursor.png]
[shoppu.mochi.at/cursor_hand_coin.png]
[shoppu.mochi.at/_nuxt/img/51a1260.png]
[shoppu.mochi.at/produkte/frontpage.html]
[shoppu.mochi.at/produkte/homemade-by-mochi.html]
[shoppu.mochi.at/produkte/homecooking.html]
[shoppu.mochi.at/produkte/tabletop-cooking-ware.html]
[shoppu.mochi.at/produkte/alcoholic-drinks.html]
[shoppu.mochi.at/produkte/non-alcoholic-drinks.html]
[shoppu.mochi.at/produkte/homemade-by-mochi-drinks.html]
[shoppu.mochi.at/produkte/voucher.html]
[shoppu.mochi.at/produkte/mochi-cookbooks.html]
[shoppu.mochi.at/produkte/p/chili-mayo-shirt.html]
[shoppu.mochi.at/produkte/p/truffel-mayo-shirt.html]
[shoppu.mochi.at/produkte/p/kikko-ba-hoodie-kids.html]
[shoppu.mochi.at/produkte/p/mochi-jutesackerl.html]
[shoppu.mochi.at/produkte/p/sake-bomb.html]
[shoppu.mochi.at/produkte/p/yuzu-seife-1.html]
[shoppu.mochi.at/produkte/p/flaschenoffner.html]
[shoppu.mochi.at/produkte/p/neni-wien.html]
[shoppu.mochi.at/produkte/p/mochi-socken.html]
[shoppu.mochi.at/produkte/p/tokyo-cult-recipes-in-englisch.html]
[shoppu.mochi.at/produkte/p/cook-anime-in-englisch.html]
[shoppu.mochi.at/produkte/p/sake-buch.html]
[shoppu.mochi.at/produkte/p/donabe-in-englisch.html]
[shoppu.mochi.at/produkte/p/takashis-noodles-in-englisch.html]
[shoppu.mochi.at/produkte/p/japanese-farm-food-in-englisch.html]
[shoppu.mochi.at/produkte/p/japanese-soul-cooking-in-englisch.html]
[shoppu.mochi.at/produkte/p/japanese-hot-pots-in-englisch.html]
[shoppu.mochi.at/produkte/p/mochi-kids-shirt.html]
[shoppu.mochi.at/produkte/p/kikko-ba-tasche.html]
[shoppu.mochi.at/produkte/p/ivan-ramen-kochbuch.html]
[shoppu.mochi.at/produkte/p/the-japanese-grill-kochbuch.html]
[shoppu.mochi.at/produkte/p/mochi-t-shirt-blau.html]
[shoppu.mochi.at/produkte/p/mochi-t-shirt-weiss.html]
[shoppu.mochi.at/produkte/p/i-love-ramen-t-shirt-beige.html]
[shoppu.mochi.at/produkte/p/i-love-ramen-pullover-blau-adult.html]
[shoppu.mochi.at/produkte/p/japnische-glucksspar-katze-schwarz.html]
[shoppu.mochi.at/produkte/p/mochi-kids-socks.html]
[shoppu.mochi.at/produkte/p/mochi-cap-blue.html]
[shoppu.mochi.at/produkte/p/mochi-cap-rosa.html]
[shoppu.mochi.at/produkte/p/cucina-itameshi-socks.html]
[shoppu.mochi.at/produkte/p/sake-mythos-handwerk-und-genuss.html]
[shoppu.mochi.at/_nuxt/img/9095949.png]
[shoppu.mochi.at/_nuxt/img/e1f1882.png]
[shoppu.mochi.at/_nuxt/img/ba0605d.png]
[shoppu.mochi.at/_nuxt/img/7adc9f9.png]
[shoppu.mochi.at/_nuxt/img/a9f4270.png]
[shoppu.mochi.at/produkte/merchandising.html]
[shoppu.mochi.at/produkte/p/goto-tenobe-udon-300g.html]
[shoppu.mochi.at/produkte/p/yuzu-schale.html]
[shoppu.mochi.at/produkte/p/sesamol.html]
[shoppu.mochi.at/produkte/p/brauner-reis-essig.html]
[shoppu.mochi.at/produkte/p/soja-sauce-unpasteurisiert.html]
[shoppu.mochi.at/produkte/p/mochi-chilli-mayo.html]
[shoppu.mochi.at/produkte/p/yuzu-ponzu-sauce.html]
[shoppu.mochi.at/produkte/p/shishimi-togarashi.html]
[shoppu.mochi.at/produkte/p/layu-chili-ol.html]
[shoppu.mochi.at/produkte/p/classic-bun-box.html]
[shoppu.mochi.at/produkte/p/teller-klein.html]
[shoppu.mochi.at/produkte/p/stabchen-und-loffel-set.html]
[shoppu.mochi.at/produkte/p/soja-schale-sonne.html]
[shoppu.mochi.at/produkte/p/soja-schale-karo.html]
[shoppu.mochi.at/produkte/p/ramen-loffel.html]
[shoppu.mochi.at/produkte/p/holzloffel-6-stuck.html]
[shoppu.mochi.at/produkte/p/donburi-schale-blau.html]
[shoppu.mochi.at/produkte/p/katze.html]
[shoppu.mochi.at/produkte/p/tamago-pfanne.html]
[shoppu.mochi.at/produkte/p/rettichreibe.html]
[shoppu.mochi.at/produkte/p/sushimatte.html]
[shoppu.mochi.at/produkte/p/matcha-besen.html]
[shoppu.mochi.at/produkte/p/matcha-besen-stander.html]
[shoppu.mochi.at/produkte/p/bambus-dampfer.html]
[shoppu.mochi.at/produkte/p/kimino-yuzu.html]
[shoppu.mochi.at/produkte/p/kimino-ume-1.html]
[shoppu.mochi.at/produkte/frontpage.html]
[shoppu.mochi.at/produkte/p/hausgemachter-eistee.html]
[shoppu.mochi.at/produkte/p/kimchi-stew-im-glas-275g.html]
[shoppu.mochi.at/produkte/p/maze-soba-kit.html]
[shoppu.mochi.at/produkte/p/tan-tan-im-glas-275g.html]
[shoppu.mochi.at/produkte/p/chipotle-mayonnaise.html]
[shoppu.mochi.at/produkte/p/wasabi-mayonnaise.html]
[shoppu.mochi.at/produkte/p/mochi-truffle-mayo.html]
[shoppu.mochi.at/produkte/p/mochi-yuzu-kosho-mayonnaise-240g.html]
[shoppu.mochi.at/produkte/p/kinoko-ramen-kit.html]
[shoppu.mochi.at/produkte/p/ramen-nudeln.html]
[shoppu.mochi.at/produkte/p/sakura-dressing.html]
[shoppu.mochi.at/produkte/p/sour-miso-dressing.html]
[shoppu.mochi.at/produkte/p/spicy-chicken-miso.html]
[shoppu.mochi.at/produkte/p/sweet-miso-dressing.html]
[shoppu.mochi.at/produkte/p/tan-tan-marinade.html]
[shoppu.mochi.at/produkte/p/teriyaki-sauce.html]
[shoppu.mochi.at/produkte/p/veggie-curry-im-glas-275g.html]
[shoppu.mochi.at/produkte/p/tonkotsu-ramen-kit.html]
[shoppu.mochi.at/produkte/homemade-by-mochi.html]
[shoppu.mochi.at/produkte/p/yuzu-truffle-dressing.html]
[shoppu.mochi.at/produkte/p/soba-buckwheat.html]
[shoppu.mochi.at/produkte/p/japanische-weizennudeln.html]
[shoppu.mochi.at/produkte/p/makurazaki-dashi.html]
[shoppu.mochi.at/produkte/p/salz-mit-dashi.html]
[shoppu.mochi.at/produkte/p/kombu-dashi-no-moto.html]
[shoppu.mochi.at/produkte/p/masakado-reis.html]
[shoppu.mochi.at/produkte/p/bio-hojicha.html]
[shoppu.mochi.at/produkte/p/bio-matcha.html]
[shoppu.mochi.at/produkte/p/silk-tofu.html]
[shoppu.mochi.at/produkte/p/wakame.html]
[shoppu.mochi.at/produkte/p/matcha-powder.html]
[shoppu.mochi.at/produkte/p/miso-blanc.html]
[shoppu.mochi.at/produkte/p/vegan-curry-basis-glutenfree.html]
[shoppu.mochi.at/produkte/p/mirin-360ml.html]
[shoppu.mochi.at/produkte/p/kimchee-base.html]
[shoppu.mochi.at/produkte/p/sanbaizu-bonito-essig.html]
[shoppu.mochi.at/produkte/p/soja-sauce-dashi-tsuyu.html]
[shoppu.mochi.at/produkte/p/soja-sauce-salzreduziert.html]
[shoppu.mochi.at/produkte/p/soja-sauce-mit-koji.html]
[shoppu.mochi.at/produkte/p/soja-sauce.html]
[shoppu.mochi.at/produkte/p/sriracha-sauce-super-hot.html]
[shoppu.mochi.at/produkte/homecooking.html]
[shoppu.mochi.at/produkte/p/sansho-no-kona.html]
[shoppu.mochi.at/produkte/p/wasabireibe.html]
[shoppu.mochi.at/produkte/p/glutenfreie-tamari-soja-sauce.html]
[shoppu.mochi.at/produkte/p/teller-viereckig-blau.html]
[shoppu.mochi.at/produkte/p/teller-viereckig-braun.html]
[shoppu.mochi.at/produkte/p/ramen-schale-blau.html]
[shoppu.mochi.at/produkte/p/ramen-schale-weiss.html]
[shoppu.mochi.at/produkte/p/teebecher-mit-sushi.html]
[shoppu.mochi.at/produkte/p/soja-schale-gelb-grun.html]
[shoppu.mochi.at/produkte/p/schale-rund-blau-weiss-gestreift.html]
[shoppu.mochi.at/produkte/p/teller-rund-gelb-grun.html]
[shoppu.mochi.at/produkte/p/schale-rund-gelb-blau.html]
[shoppu.mochi.at/produkte/p/stabchen-schwarz-23-5cm.html]
[shoppu.mochi.at/produkte/p/sushi-set-fur-2-personen-weiss-blau.html]
[shoppu.mochi.at/produkte/p/ramen-set-fur-2-personen.html]
[shoppu.mochi.at/produkte/p/nudelsieb-fur-ramenudeln.html]
[shoppu.mochi.at/produkte/p/kinder-stabchen-mit-helfer-pandabar.html]
[shoppu.mochi.at/produkte/tabletop-cooking-ware.html]
[shoppu.mochi.at/produkte/p/japanische-teekanne-kranich.html]
[shoppu.mochi.at/produkte/p/kikko-sake.html]
[shoppu.mochi.at/produkte/p/kikko-sake-300ml.html]
[shoppu.mochi.at/produkte/p/goku-gin.html]
[shoppu.mochi.at/produkte/p/gruner-veltliner-mochi-edition-750-ml.html]
[shoppu.mochi.at/produkte/p/fukuju-yuzu-sake-500ml.html]
[shoppu.mochi.at/produkte/p/fukuju-kobe-classic-300ml.html]
[shoppu.mochi.at/produkte/p/dewasakura-300ml.html]
[shoppu.mochi.at/produkte/p/sake-girl-sake.html]
[shoppu.mochi.at/produkte/p/ozeki-one-cup-sake.html]
[shoppu.mochi.at/produkte/p/amabuki-mariengold-cup.html]
[shoppu.mochi.at/produkte/p/mochi-x-trummer-gelber-muskateller-750-ml.html]
[shoppu.mochi.at/produkte/p/organic-heiwa-yuzu-sake-720ml.html]
[shoppu.mochi.at/produkte/p/sauvignon-blanc-ried-obegg-10-years-mochi-2019.html]
[shoppu.mochi.at/produkte/p/brauton-x-mochi-umami-beer.html]
[shoppu.mochi.at/produkte/alcoholic-drinks.html]
[shoppu.mochi.at/produkte/non-alcoholic-drinks.html]
[shoppu.mochi.at/produkte/p/hausgemachte-ingwerlimonade.html]
[shoppu.mochi.at/produkte/p/yuzu-base-500ml.html]
[shoppu.mochi.at/produkte/homemade-by-mochi-drinks.html]
[shoppu.mochi.at/produkte/p/mochi-kaffee.html]
[shoppu.mochi.at/produkte/voucher.html]
[shoppu.mochi.at/produkte/p/voucher.html]
[shoppu.mochi.at/produkte/p/kochbuch-izakaya.html]
[shoppu.mochi.at/produkte/mochi-cookbooks.html]
[shoppu.mochi.at/produkte/p/crispy-crunchy-knuspriges-aus-japan.html]
[cdn.shopify.com/s/files/1/0550/2494/3363/products/Mayo-T-shirta013.jpg]
[shoppu.mochi.at/_nuxt/7f120dd.js]
[shoppu.mochi.at/_nuxt/65ec24f.js]
[shoppu.mochi.at/produkte/p/chili-mayo-shirt.html]
[shoppu.mochi.at/_nuxt/2b125bc.js]
[cdn.shopify.com/s/files/1/0550/2494/3363/products/Truffle-T-Shirt9f34.jpg]
[shoppu.mochi.at/produkte/p/truffel-mayo-shirt.html]
[cdn.shopify.com/s/files/1/0550/2494/3363/products/Kikko-Pulli-weiss337b.jpg]
[shoppu.mochi.at/produkte/p/kinder-stabchen-mit-helfer-hase-kopie.html]
[shoppu.mochi.at/produkte/p/kikko-ba-hoodie-kids.html]
[shoppu.mochi.at/produkte/p/kinder-stabchen-mit-helfer-katze.html]
[cdn.shopify.com/s/files/1/0550/2494/3363/products/Jute-Sackel01b3.jpg]
[shoppu.mochi.at/produkte/p/mochi-jutesackerl.html]
[shoppu.mochi.at/produkte/p/veggie-dashi.html]
[cdn.shopify.com/s/files/1/0550/2494/3363/products/SAke-Bomb8141.jpg]
[shoppu.mochi.at/produkte/p/sake-set-blau.html]
[shoppu.mochi.at/produkte/p/sake-bomb.html]
[cdn.shopify.com/s/files/1/0550/2494/3363/products/Yuzu-Seife_fb960303-9797-405e-a044-cff05a7a4fa18312.jpg]
[shoppu.mochi.at/produkte/p/sake-set-schwarz.html]
[shoppu.mochi.at/produkte/p/yuzu-seife-1.html]
[shoppu.mochi.at/produkte/p/shio-ponzu-white-ponzu-360ml.html]
[cdn.shopify.com/s/files/1/0550/2494/3363/products/Flaschenoffner9314.jpg]
[shoppu.mochi.at/produkte/p/flaschenoffner.html]
[cdn.shopify.com/s/files/1/0550/2494/3363/products/Neni-Kochbuchb961.jpg]
[shoppu.mochi.at/produkte/p/neni-wien.html]
[cdn.shopify.com/s/files/1/0550/2494/3363/products/Mochi-Socken960d.jpg]
[shoppu.mochi.at/produkte/p/mochi-socken.html]
[cdn.shopify.com/s/files/1/0550/2494/3363/products/Tokyo-Cult-REcipes8ac1.jpg]
[shoppu.mochi.at/produkte/p/tokyo-cult-recipes-in-englisch.html]
[cdn.shopify.com/s/files/1/0550/2494/3363/products/Cookanime5d06.jpg]
[shoppu.mochi.at/produkte/p/cook-anime-in-englisch.html]
[cdn.shopify.com/s/files/1/0550/2494/3363/products/Sake-Buchf096.jpg]
[shoppu.mochi.at/produkte/p/sake-buch.html]
[cdn.shopify.com/s/files/1/0550/2494/3363/products/Danabe8c79.jpg]
[shoppu.mochi.at/produkte/p/donabe-in-englisch.html]
[cdn.shopify.com/s/files/1/0550/2494/3363/products/Takashi_s-Noodles7367.jpg]
[shoppu.mochi.at/produkte/p/takashis-noodles-in-englisch.html]
[shoppu.mochi.at/produkte/p/japanese-farm-food-in-englisch.html]
[cdn.shopify.com/s/files/1/0550/2494/3363/products/japanese-soul-cookingedbe.jpg]
[shoppu.mochi.at/produkte/p/japanese-soul-cooking-in-englisch.html]
[cdn.shopify.com/s/files/1/0550/2494/3363/products/Japanese-Hotpots97e0.jpg]
[shoppu.mochi.at/produkte/p/japanese-hot-pots-in-englisch.html]
[cdn.shopify.com/s/files/1/0550/2494/3363/products/omk-Kinder-Shirt1867.jpg]
[shoppu.mochi.at/produkte/p/mochi-kids-shirt.html]
[cdn.shopify.com/s/files/1/0550/2494/3363/products/Kikko-Bagc41c.jpg]
[shoppu.mochi.at/produkte/p/kikko-ba-tasche.html]
[cdn.shopify.com/s/files/1/0550/2494/3363/products/Ivan-Ramen438f.jpg]
[shoppu.mochi.at/produkte/p/ivan-ramen-kochbuch.html]
[cdn.shopify.com/s/files/1/0550/2494/3363/products/The-Japanese-Grillccaf.jpg]
[shoppu.mochi.at/produkte/p/the-japanese-grill-kochbuch.html]
[cdn.shopify.com/s/files/1/0550/2494/3363/files/Mochi-Shirt-blau3651.jpg]
[shoppu.mochi.at/produkte/p/mochi-t-shirt-blau.html]
[shoppu.mochi.at/produkte/p/kinderstabchen-mit-helfer-bar.html]
[cdn.shopify.com/s/files/1/0550/2494/3363/files/Mochi-Shirt-weissb077.jpg]
[shoppu.mochi.at/produkte/p/mochi-t-shirt-weiss.html]
[cdn.shopify.com/s/files/1/0550/2494/3363/files/Ramen-T-Shirt4c03.jpg]
[shoppu.mochi.at/produkte/p/i-love-ramen-t-shirt-beige.html]
[shoppu.mochi.at/produkte/p/ramenschalen-set-fur-2-personen-blau.html]
[cdn.shopify.com/s/files/1/0550/2494/3363/files/Ramen-Pulli60c1.jpg]
[shoppu.mochi.at/produkte/p/i-love-ramen-pullover-blau-adult.html]
[cdn.shopify.com/s/files/1/0550/2494/3363/files/grosse-schwarze-Katzeb718.jpg]
[shoppu.mochi.at/produkte/p/japnische-glucksspar-katze-schwarz.html]
[cdn.shopify.com/s/files/1/0550/2494/3363/files/Mochi-Kinder-Socken-blau1902.jpg]
[shoppu.mochi.at/produkte/p/mochi-kids-socks.html]
[cdn.shopify.com/s/files/1/0550/2494/3363/files/Gross_cap-blaue19d.jpg]
[shoppu.mochi.at/produkte/p/mochi-cap-blue.html]
[cdn.shopify.com/s/files/1/0550/2494/3363/files/Gross_JM_240724_-488_edit_169bb23.jpg]
[shoppu.mochi.at/produkte/p/mochi-cap-rosa.html]
[cdn.shopify.com/s/files/1/0550/2494/3363/files/86622.jpg]
[shoppu.mochi.at/produkte/p/cucina-itameshi-socks.html]
[cdn.shopify.com/s/files/1/0550/2494/3363/files/74664.jpg]
[shoppu.mochi.at/produkte/p/sake-mythos-handwerk-und-genuss.html]
[cdn.shopify.com/s/files/1/0550/2494/3363/products/GotoTenobeUdonb521.jpg]
[shoppu.mochi.at/produkte/p/goto-tenobe-udon-300g.html]
[cdn.shopify.com/s/files/1/0550/2494/3363/products/yuzu-peelc52d.jpg]
[shoppu.mochi.at/produkte/p/somen-wheat-noodles-from-handa.html]
[shoppu.mochi.at/produkte/p/yakiniku-sauce-for-grilled-meat.html]
[shoppu.mochi.at/produkte/p/organic-juzu-juice-150ml.html]
[shoppu.mochi.at/produkte/p/sumo-miso-spicy-miso-360g.html]
[shoppu.mochi.at/produkte/p/yuzu-schale.html]
[cdn.shopify.com/s/files/1/0550/2494/3363/products/Sesame-Oilb85a.jpg]
[shoppu.mochi.at/produkte/p/kito-yuzu-marmelade-220g.html]
[shoppu.mochi.at/produkte/p/sesamol.html]
[shoppu.mochi.at/produkte/p/white-roasted-sesame-seeds-50g.html]
[cdn.shopify.com/s/files/1/0550/2494/3363/products/pure-organic-rice-vinegar_c5a851a8-fbf7-4674-8d0b-976e545648da70c9.jpg]
[shoppu.mochi.at/produkte/p/premium-sushi-rice-vinegar-360ml.html]
[shoppu.mochi.at/produkte/p/brauner-reis-essig.html]
[cdn.shopify.com/s/files/1/0550/2494/3363/products/unpasteurized-soy-saucee40f.jpg]
[shoppu.mochi.at/produkte/p/sushi-vinegar-360ml.html]
[shoppu.mochi.at/produkte/p/transparent-soy-sauce-100ml.html]
[shoppu.mochi.at/produkte/p/soja-sauce-unpasteurisiert.html]
[cdn.shopify.com/s/files/1/0550/2494/3363/products/chilli-mayofa72.jpg]
[shoppu.mochi.at/produkte/p/mochi-chilli-mayo.html]
[shoppu.mochi.at/produkte/p/white-soy-sauce-360ml.html]
[cdn.shopify.com/s/files/1/0550/2494/3363/products/Ponzu-Yuzu-SAuceae67.jpg]
[shoppu.mochi.at/produkte/p/yuzu-ponzu-sauce.html]
[shoppu.mochi.at/produkte/p/sennari-yuzu-and-sudachi-ponzu-sauce-360ml.html]
[cdn.shopify.com/s/files/1/0550/2494/3363/products/Shichimi0c93.jpg]
[shoppu.mochi.at/produkte/p/shishimi-togarashi.html]
[cdn.shopify.com/s/files/1/0550/2494/3363/products/la-yu9c1e.jpg]
[shoppu.mochi.at/produkte/p/layu-chili-ol.html]
[cdn.shopify.com/s/files/1/0550/2494/3363/products/Bun-Box-Pork57ce.jpg]
[shoppu.mochi.at/produkte/p/classic-bun-box.html]
[cdn.shopify.com/s/files/1/0550/2494/3363/products/Teller-klein3005.jpg]
[shoppu.mochi.at/produkte/p/teller-klein.html]
[shoppu.mochi.at/produkte/p/sushi-teller-hikari.html]
[cdn.shopify.com/s/files/1/0550/2494/3363/products/Stabchen-Loffel-Setca80.jpg]
[shoppu.mochi.at/produkte/p/stabchen-5er-pack-1.html]
[shoppu.mochi.at/produkte/p/stabchen-und-loffel-set.html]
[cdn.shopify.com/s/files/1/0550/2494/3363/products/Soja-Schale-Sonnee05f.jpg]
[shoppu.mochi.at/produkte/p/soja-schale-sonne.html]
[shoppu.mochi.at/produkte/p/stabchen-5er-pack-gluckskatzen.html]
[cdn.shopify.com/s/files/1/0550/2494/3363/products/Soja-Schale-Karo0fe1.jpg]
[shoppu.mochi.at/produkte/p/soja-schale-karo.html]
[cdn.shopify.com/s/files/1/0550/2494/3363/products/Ramen-Loffel0c0e.jpg]
[shoppu.mochi.at/produkte/p/ramen-loffel.html]
[shoppu.mochi.at/produkte/p/sojasauce-mit-yuzu.html]
[cdn.shopify.com/s/files/1/0550/2494/3363/products/Holzloffel-6Stuck7606.jpg]
[shoppu.mochi.at/produkte/p/holzloffel-6-stuck.html]
[cdn.shopify.com/s/files/1/0550/2494/3363/products/Donburi-Schale-blau4560.jpg]
[shoppu.mochi.at/produkte/p/donburi-schale-blau.html]
[shoppu.mochi.at/produkte/p/reis-schale-blau-weiss.html]
[cdn.shopify.com/s/files/1/0550/2494/3363/products/Katze25b0.jpg]
[shoppu.mochi.at/produkte/p/katze.html]
[cdn.shopify.com/s/files/1/0550/2494/3363/products/REttichreibeb1b4.jpg]
[shoppu.mochi.at/produkte/p/rettichreibe.html]
[cdn.shopify.com/s/files/1/0550/2494/3363/products/Tamago-Pfannec565.jpg]
[shoppu.mochi.at/produkte/p/tamago-pfanne.html]
[cdn.shopify.com/s/files/1/0550/2494/3363/products/Sushimatte0b8b.jpg]
[shoppu.mochi.at/produkte/p/sushimatte.html]
[shoppu.mochi.at/produkte/p/gomedare-sesam-dashi.html]
[cdn.shopify.com/s/files/1/0550/2494/3363/products/Matcha-Besen53d4.jpg]
[shoppu.mochi.at/produkte/p/matcha-besen.html]
[cdn.shopify.com/s/files/1/0550/2494/3363/products/Matcha-Besen-Stander5821.jpg]
[shoppu.mochi.at/produkte/p/matcha-besen-stander.html]
[shoppu.mochi.at/produkte/p/matcha-schussel-set-grun.html]
[cdn.shopify.com/s/files/1/0550/2494/3363/products/Bambus-Dampfer8435.jpg]
[shoppu.mochi.at/produkte/p/bambus-dampfer.html]
[shoppu.mochi.at/produkte/p/reisloffel-aus-bambus.html]
[cdn.shopify.com/s/files/1/0550/2494/3363/products/kimino-yuzube8c.jpg]
[shoppu.mochi.at/produkte/p/kimino-yuzu.html]
[cdn.shopify.com/s/files/1/0550/2494/3363/products/kimino-ume_cfec4d1c-56ce-4bca-ab8c-3d830a0058bfbf11.jpg]
[shoppu.mochi.at/produkte/p/umeboshi-paste-100g.html]
[shoppu.mochi.at/produkte/p/kimino-ume-1.html]
[cdn.shopify.com/s/files/1/0550/2494/3363/products/homemade-ice-teada5c.jpg]
[shoppu.mochi.at/produkte/p/vegetarisches-shiro-dashi.html]
[shoppu.mochi.at/produkte/p/hausgemachter-eistee.html]
[shoppu.mochi.at/produkte/p/helle-soja-sauce-mochi-bio.html]
[cdn.shopify.com/s/files/1/0550/2494/3363/products/Tan-Tan-Glasc676.jpg]
[shoppu.mochi.at/produkte/p/tan-tan-im-glas-275g.html]
[cdn.shopify.com/s/files/1/0550/2494/3363/products/Kim-Chi-Stew-Glasda11.jpg]
[shoppu.mochi.at/produkte/p/kimchi-stew-im-glas-275g.html]
[cdn.shopify.com/s/files/1/0550/2494/3363/files/MAZE_SOBA77cb.jpg]
[shoppu.mochi.at/produkte/p/maze-soba-kit.html]
[cdn.shopify.com/s/files/1/0550/2494/3363/products/Chipotle-Mayo4bb4.jpg]
[shoppu.mochi.at/produkte/p/chipotle-mayonnaise.html]
[cdn.shopify.com/s/files/1/0550/2494/3363/products/truffle-mayoe88b.jpg]
[shoppu.mochi.at/produkte/p/mochi-truffle-mayo.html]
[shoppu.mochi.at/produkte/p/yuzu-juice-higashi-tokushima-360ml.html]
[cdn.shopify.com/s/files/1/0550/2494/3363/products/Wasabi-Mayob0f2.jpg]
[shoppu.mochi.at/produkte/p/wasabi-mayonnaise.html]
[cdn.shopify.com/s/files/1/0550/2494/3363/files/Yuzu-Kosho-Mayoead7.jpg]
[shoppu.mochi.at/produkte/p/mochi-yuzu-kosho-mayonnaise-240g.html]
[shoppu.mochi.at/produkte/p/premium-dried-wakame-pieces-15g.html]
[cdn.shopify.com/s/files/1/0550/2494/3363/files/mushroom-miso-ramen-kitff62.jpg]
[shoppu.mochi.at/produkte/p/kinoko-ramen-kit.html]
[cdn.shopify.com/s/files/1/0550/2494/3363/products/homemade-ramen-noodelsb978.jpg]
[shoppu.mochi.at/produkte/p/ramen-nudeln.html]
[cdn.shopify.com/s/files/1/0550/2494/3363/products/sakura-dressing1a26.jpg]
[shoppu.mochi.at/produkte/p/sakura-dressing.html]
[cdn.shopify.com/s/files/1/0550/2494/3363/products/sour-miso-sauce132b.jpg]
[shoppu.mochi.at/produkte/p/sour-miso-dressing.html]
[cdn.shopify.com/s/files/1/0550/2494/3363/files/spicy-chicken-miso-ramen008f.jpg]
[shoppu.mochi.at/produkte/p/spicy-chicken-miso.html]
[cdn.shopify.com/s/files/1/0550/2494/3363/products/sweet-miso-sauce27c0.jpg]
[shoppu.mochi.at/produkte/p/sweet-miso-dressing.html]
[cdn.shopify.com/s/files/1/0550/2494/3363/products/tan-tan-marinadec729.jpg]
[shoppu.mochi.at/produkte/p/tan-tan-marinade.html]
[cdn.shopify.com/s/files/1/0550/2494/3363/products/teri-yaki-sauce3546.jpg]
[shoppu.mochi.at/produkte/p/teriyaki-sauce.html]
[cdn.shopify.com/s/files/1/0550/2494/3363/products/Curry-Glas6397.jpg]
[shoppu.mochi.at/produkte/p/veggie-curry-im-glas-275g.html]
[cdn.shopify.com/s/files/1/0550/2494/3363/files/tonkotso-ramen-kitd3b8.jpg]
[shoppu.mochi.at/produkte/p/tonkotsu-ramen-kit.html]
[cdn.shopify.com/s/files/1/0550/2494/3363/products/yuzu-truffle-dressingdc34.jpg]
[shoppu.mochi.at/produkte/p/yuzu-truffle-dressing.html]
[cdn.shopify.com/s/files/1/0550/2494/3363/products/soba-buckweat6585.jpg]
[shoppu.mochi.at/produkte/p/soba-buckwheat.html]
[shoppu.mochi.at/produkte/p/japanese-premium-seaweed-mixed-salad-20g.html]
[cdn.shopify.com/s/files/1/0550/2494/3363/products/Somen5293.jpg]
[shoppu.mochi.at/produkte/p/japanische-weizennudeln.html]
[cdn.shopify.com/s/files/1/0550/2494/3363/products/MakurazakiDashia708.jpg]
[shoppu.mochi.at/produkte/p/makurazaki-dashi.html]
[shoppu.mochi.at/produkte/p/bonito-flakes-katsuobushi-40g.html]
[cdn.shopify.com/s/files/1/0550/2494/3363/products/salt-with-dashi1546.jpg]
[shoppu.mochi.at/produkte/p/furikake-wasabi-nihon-kaisui-50g.html]
[shoppu.mochi.at/produkte/p/salz-mit-dashi.html]
[cdn.shopify.com/s/files/1/0550/2494/3363/products/Kombu-Dashi-no-Motoe58f.jpg]
[shoppu.mochi.at/produkte/p/kombu-dashi-no-moto.html]
[shoppu.mochi.at/produkte/p/vegetarische-shiro-dashi-300ml.html]
[cdn.shopify.com/s/files/1/0550/2494/3363/products/masakado-reisb6c8.jpg]
[shoppu.mochi.at/produkte/p/masakado-reis.html]
[cdn.shopify.com/s/files/1/0550/2494/3363/products/hojicha-bio86d4.jpg]
[shoppu.mochi.at/produkte/p/bio-hojicha.html]
[cdn.shopify.com/s/files/1/0550/2494/3363/products/matcha-biob773.jpg]
[shoppu.mochi.at/produkte/p/phil-organic-olivenol.html]
[shoppu.mochi.at/produkte/p/bio-matcha.html]
[cdn.shopify.com/s/files/1/0550/2494/3363/products/Silk-Tofub159.jpg]
[shoppu.mochi.at/produkte/p/silk-tofu.html]
[shoppu.mochi.at/produkte/p/brauner-reisessig-360ml.html]
[cdn.shopify.com/s/files/1/0550/2494/3363/products/Wakame8c61.jpg]
[shoppu.mochi.at/produkte/p/yume-nishiki-rice.html]
[shoppu.mochi.at/produkte/p/wakame.html]
[shoppu.mochi.at/produkte/p/soft-panko.html]
[cdn.shopify.com/s/files/1/0550/2494/3363/products/Matcha-Can5d06.jpg]
[shoppu.mochi.at/produkte/p/matcha-powder.html]
[cdn.shopify.com/s/files/1/0550/2494/3363/products/Rice-Misocc5d.jpg]
[shoppu.mochi.at/produkte/p/rice-miso-500g.html]
[shoppu.mochi.at/produkte/p/red-miso-500g.html]
[shoppu.mochi.at/produkte/p/miso-blanc.html]
[shoppu.mochi.at/produkte/p/yuzu-miso-150g.html]
[cdn.shopify.com/s/files/1/0550/2494/3363/products/Glutenfree-japanese-Mild-Curry3dc9.jpg]
[shoppu.mochi.at/produkte/p/vegan-curry-basis-glutenfree.html]
[cdn.shopify.com/s/files/1/0550/2494/3363/products/Kimchee-Based103.jpg]
[shoppu.mochi.at/produkte/p/miso-with-shiso-150g.html]
[shoppu.mochi.at/produkte/p/kimchee-base.html]
[shoppu.mochi.at/produkte/p/qp-mayonnaise.html]
[cdn.shopify.com/s/files/1/0550/2494/3363/products/mirinf852.jpg]
[shoppu.mochi.at/produkte/p/mirin-360ml.html]
[shoppu.mochi.at/produkte/p/hn-mirini-500ml-14-vol.html]
[cdn.shopify.com/s/files/1/0550/2494/3363/products/sanbaizu---bonito-vinegarc01d.jpg]
[shoppu.mochi.at/produkte/p/sanbaizu-bonito-essig.html]
[shoppu.mochi.at/produkte/p/dashi-kombu-soy-sauce-500ml.html]
[cdn.shopify.com/s/files/1/0550/2494/3363/products/soy-sauce-_-dashi-tsuyu69cd.jpg]
[shoppu.mochi.at/produkte/p/soja-sauce-dashi-tsuyu.html]
[cdn.shopify.com/s/files/1/0550/2494/3363/products/reduced-salt-soy-sauce35a2.jpg]
[shoppu.mochi.at/produkte/p/soja-sauce-salzreduziert.html]
[cdn.shopify.com/s/files/1/0550/2494/3363/products/soy-sauce-with-kojie2b5.jpg]
[shoppu.mochi.at/produkte/p/soja-sauce-mit-koji.html]
[shoppu.mochi.at/produkte/p/soja-sauce-premium-ohitachi.html]
[cdn.shopify.com/s/files/1/0550/2494/3363/products/shimousa-soy-sauce8a29.jpg]
[shoppu.mochi.at/produkte/p/soja-sauce.html]
[cdn.shopify.com/s/files/1/0550/2494/3363/products/Sriracha9506.jpg]
[shoppu.mochi.at/produkte/p/sriracha-sauce-super-hot.html]
[cdn.shopify.com/s/files/1/0550/2494/3363/products/glutenfree-tamari-soy-sauceb456.jpg]
[shoppu.mochi.at/produkte/p/glutenfreie-tamari-soja-sauce.html]
[cdn.shopify.com/s/files/1/0550/2494/3363/products/Sansho-Pfeffera59f.jpg]
[shoppu.mochi.at/produkte/p/sansho-no-kona.html]
[shoppu.mochi.at/produkte/p/yuzu-kosho-50g.html]
[cdn.shopify.com/s/files/1/0550/2494/3363/products/Wasabireibe9a46.jpg]
[shoppu.mochi.at/produkte/p/wasabireibe.html]
[cdn.shopify.com/s/files/1/0550/2494/3363/products/Teller-viereckig-blaubf26.jpg]
[shoppu.mochi.at/produkte/p/teller-viereckig-blau.html]
[cdn.shopify.com/s/files/1/0550/2494/3363/products/Teller-viereckig-braunb41b.jpg]
[shoppu.mochi.at/produkte/p/teller-viereckig-braun.html]
[cdn.shopify.com/s/files/1/0550/2494/3363/products/Schale-gross-blau-goldfa26.jpg]
[shoppu.mochi.at/produkte/p/ramen-schale-blau.html]
[shoppu.mochi.at/produkte/p/schale-blau-weiss-1.html]
[cdn.shopify.com/s/files/1/0550/2494/3363/products/Ramenschale-weissd02a.jpg]
[shoppu.mochi.at/produkte/p/ramen-schale-weiss.html]
[cdn.shopify.com/s/files/1/0550/2494/3363/files/Teebecher-schwarze81c.jpg]
[shoppu.mochi.at/produkte/p/teebecher-mit-sushi.html]
[cdn.shopify.com/s/files/1/0550/2494/3363/products/Soja-Schale-gold-blaueb4a.jpg]
[shoppu.mochi.at/produkte/p/soja-schale-gelb-grun.html]
[cdn.shopify.com/s/files/1/0550/2494/3363/products/Teller-klein-braun99b1.jpg]
[shoppu.mochi.at/produkte/p/teller-rund-gelb-grun.html]
[cdn.shopify.com/s/files/1/0550/2494/3363/products/Schale-blau-weiss-Streifenb5d1.jpg]
[shoppu.mochi.at/produkte/p/schale-rund-blau-weiss-gestreift.html]
[cdn.shopify.com/s/files/1/0550/2494/3363/products/Schale-blau-gold-kleinc561.jpg]
[shoppu.mochi.at/produkte/p/schale-rund-gelb-blau.html]
[cdn.shopify.com/s/files/1/0550/2494/3363/products/Staebchen-schwarz9b68.jpg]
[shoppu.mochi.at/produkte/p/stabchen-schwarz-23-5cm.html]
[cdn.shopify.com/s/files/1/0550/2494/3363/files/Sushiteller-Koijfdd7.jpg]
[shoppu.mochi.at/produkte/p/sushi-set-fur-2-personen-weiss-blau.html]
[shoppu.mochi.at/produkte/p/sushi-set-grau-blau.html]
[cdn.shopify.com/s/files/1/0550/2494/3363/products/Ramen-Setcfc3.jpg]
[shoppu.mochi.at/produkte/p/sesam-ol-170-ml.html]
[shoppu.mochi.at/produkte/p/ramen-set-fur-2-personen.html]
[shoppu.mochi.at/produkte/p/sushi-set-fur-2-personen-sakana.html]
[cdn.shopify.com/s/files/1/0550/2494/3363/products/Panda-Staebchen7758.jpg]
[shoppu.mochi.at/produkte/p/kinder-stabchen-mit-helfer-pandabar.html]
[cdn.shopify.com/s/files/1/0550/2494/3363/products/Nudelsiebf998.jpg]
[shoppu.mochi.at/produkte/p/nudelsieb-fur-ramenudeln.html]
[cdn.shopify.com/s/files/1/0550/2494/3363/files/Teekanne-Kranich.c2f3.jpg]
[shoppu.mochi.at/produkte/p/japanische-teekanne-kranich.html]
[cdn.shopify.com/s/files/1/0550/2494/3363/products/kikko-sake-720ml95b3.jpg]
[shoppu.mochi.at/produkte/p/kikko-sake.html]
[cdn.shopify.com/s/files/1/0550/2494/3363/products/kikko-sake-300mla8b0.jpg]
[shoppu.mochi.at/produkte/p/kikko-sake-300ml.html]
[shoppu.mochi.at/produkte/p/tempura-teig-mix.html]
[cdn.shopify.com/s/files/1/0550/2494/3363/products/gv-mochi-edition-hoffmann068a.jpg]
[shoppu.mochi.at/produkte/p/gruner-veltliner-mochi-edition-750-ml.html]
[cdn.shopify.com/s/files/1/0550/2494/3363/products/Goku-Gin_cdca0554-8b2f-48a1-98dc-98a9392fa3092436.jpg]
[shoppu.mochi.at/produkte/p/goku-gin.html]
[cdn.shopify.com/s/files/1/0550/2494/3363/products/yuzu-saked904.jpg]
[shoppu.mochi.at/produkte/p/fukuju-yuzu-sake-500ml.html]
[cdn.shopify.com/s/files/1/0550/2494/3363/products/Dewasakura-300ml816e.jpg]
[shoppu.mochi.at/produkte/p/dewasakura-300ml.html]
[cdn.shopify.com/s/files/1/0550/2494/3363/products/Fukuju-kobe-classik-300ml024a.jpg]
[shoppu.mochi.at/produkte/p/fukuju-kobe-classic-300ml.html]
[cdn.shopify.com/s/files/1/0550/2494/3363/products/sake-girl2a6c.jpg]
[shoppu.mochi.at/produkte/p/sake-girl-sake.html]
[cdn.shopify.com/s/files/1/0550/2494/3363/products/one-cupada8.jpg]
[shoppu.mochi.at/produkte/p/ozeki-one-cup-sake.html]
[cdn.shopify.com/s/files/1/0550/2494/3363/products/amabuki-mariengold-cup4d4a.jpg]
[shoppu.mochi.at/produkte/p/amabuki-mariengold-cup.html]
[cdn.shopify.com/s/files/1/0550/2494/3363/products/mochi-trummer-gma5d6.jpg]
[shoppu.mochi.at/produkte/p/mochi-x-trummer-gelber-muskateller-750-ml.html]
[cdn.shopify.com/s/files/1/0550/2494/3363/products/organic-yuzu-sakec85b.jpg]
[shoppu.mochi.at/produkte/p/organic-heiwa-yuzu-sake-720ml.html]
[cdn.shopify.com/s/files/1/0550/2494/3363/products/Trummer-neufb46.jpg]
[shoppu.mochi.at/produkte/p/sauvignon-blanc-ried-obegg-10-years-mochi-2019.html]
[cdn.shopify.com/s/files/1/0550/2494/3363/files/Umami-Beerddcb.jpg]
[shoppu.mochi.at/produkte/p/brauton-x-mochi-umami-beer.html]
[cdn.shopify.com/s/files/1/0550/2494/3363/files/IMG_99522436.jpg]
[shoppu.mochi.at/produkte/p/yuzu-base-500ml.html]
[cdn.shopify.com/s/files/1/0550/2494/3363/products/homemade-ginger-lemonade319e.jpg]
[shoppu.mochi.at/produkte/p/hausgemachte-ingwerlimonade.html]
[cdn.shopify.com/s/files/1/0550/2494/3363/files/Kaffee907c.jpg]
[shoppu.mochi.at/produkte/p/mochi-kaffee.html]
[cdn.shopify.com/s/files/1/0550/2494/3363/products/03.29.GS34c8.jpg]
[shoppu.mochi.at/produkte/p/voucher.html]
[shoppu.mochi.at/produkte/p/roasted-sesame-flavor-80g.html]
[cdn.shopify.com/s/files/1/0550/2494/3363/products/Izakayacab4.jpg]
[shoppu.mochi.at/produkte/p/kochbuch-izakaya.html]
[cdn.shopify.com/s/files/1/0550/2494/3363/files/Crispy-_-Crunchy27cf.jpg]
[shoppu.mochi.at/produkte/p/crispy-crunchy-knuspriges-aus-japan.html]
[cdn.shopify.com/s/files/1/0550/2494/3363/files/107ef1.jpg]
[shoppu.mochi.at/produkte/p/kinder-stabchen-mit-helfer-hase-kopie.html]
[cdn.shopify.com/s/files/1/0550/2494/3363/files/9ab8a.jpg]
[shoppu.mochi.at/produkte/p/kinder-stabchen-mit-helfer-katze.html]
[cdn.shopify.com/s/files/1/0550/2494/3363/products/Veggie-Dashi8332.jpg]
[shoppu.mochi.at/produkte/p/veggie-dashi.html]
[cdn.shopify.com/s/files/1/0550/2494/3363/files/SAke-Set-blau8d03.jpg]
[shoppu.mochi.at/produkte/p/sake-set-blau.html]
[cdn.shopify.com/s/files/1/0550/2494/3363/files/SAke-Set-schwarz..40b4.jpg]
[shoppu.mochi.at/produkte/p/sake-set-schwarz.html]
[cdn.shopify.com/s/files/1/0550/2494/3363/products/D7234.jpg]
[shoppu.mochi.at/produkte/p/shio-ponzu-white-ponzu-360ml.html]
[cdn.shopify.com/s/files/1/0550/2494/3363/files/Baer-Staebchen.ccf0.jpg]
[cdn.shopify.com/s/files/1/0550/2494/3363/products/japanese-farm-food064c.jpg]
[shoppu.mochi.at/produkte/p/kinderstabchen-mit-helfer-bar.html]
[cdn.shopify.com/s/files/1/0550/2494/3363/files/Ramen-Schalen-Set-blau-golda616.jpg]
[shoppu.mochi.at/produkte/p/ramenschalen-set-fur-2-personen-blau.html]
[cdn.shopify.com/s/files/1/0550/2494/3363/products/Nudelndaea.jpg]
[shoppu.mochi.at/produkte/p/somen-wheat-noodles-from-handa.html]
[cdn.shopify.com/s/files/1/0550/2494/3363/products/B88d8.jpg]
[shoppu.mochi.at/produkte/p/yakiniku-sauce-for-grilled-meat.html]
[cdn.shopify.com/s/files/1/0550/2494/3363/products/C3320.jpg]
[shoppu.mochi.at/produkte/p/organic-juzu-juice-150ml.html]
[cdn.shopify.com/s/files/1/0550/2494/3363/products/Sumo-Miso---Spicy-Miso7b96.jpg]
[shoppu.mochi.at/produkte/p/sumo-miso-spicy-miso-360g.html]
[cdn.shopify.com/s/files/1/0550/2494/3363/products/yuzu-de-kitoc40b.jpg]
[shoppu.mochi.at/produkte/p/kito-yuzu-marmelade-220g.html]
[cdn.shopify.com/s/files/1/0550/2494/3363/products/roasted-Sesame3baa.jpg]
[shoppu.mochi.at/produkte/p/white-roasted-sesame-seeds-50g.html]
[shoppu.mochi.at/produkte/p/roasted-sesame-with-yuzu.html]
[cdn.shopify.com/s/files/1/0550/2494/3363/products/REsiessig33f1.jpg]
[shoppu.mochi.at/produkte/p/premium-sushi-rice-vinegar-360ml.html]
[cdn.shopify.com/s/files/1/0550/2494/3363/files/sushi-vinegar_1b785ac9-83bf-4ca9-af14-132fe19803ac21d3.jpg]
[shoppu.mochi.at/produkte/p/sushi-vinegar-360ml.html]
[cdn.shopify.com/s/files/1/0550/2494/3363/products/transparent-soy-sauce33d3.jpg]
[shoppu.mochi.at/produkte/p/transparent-soy-sauce-100ml.html]
[cdn.shopify.com/s/files/1/0550/2494/3363/files/white-soy-sacuef208.jpg]
[shoppu.mochi.at/produkte/p/white-soy-sauce-360ml.html]
[cdn.shopify.com/s/files/1/0550/2494/3363/products/Ponzu-Yuzu-SAuceae67.jpg]
[cdn.shopify.com/s/files/1/0550/2494/3363/products/A9faf.jpg]
[shoppu.mochi.at/produkte/p/sennari-yuzu-and-sudachi-ponzu-sauce-360ml.html]
[cdn.shopify.com/s/files/1/0550/2494/3363/files/Sushiteller-gruen-weiss4784.jpg]
[shoppu.mochi.at/produkte/p/sushi-teller-hikari.html]
[cdn.shopify.com/s/files/1/0550/2494/3363/files/Staebchen-Holzdb30.jpg]
[shoppu.mochi.at/produkte/p/stabchen-5er-pack-1.html]
[cdn.shopify.com/s/files/1/0550/2494/3363/files/Staebchen-weiss7d68.jpg]
[shoppu.mochi.at/produkte/p/stabchen-5er-pack-gluckskatzen.html]
[cdn.shopify.com/s/files/1/0550/2494/3363/files/3ce3e.jpg]
[shoppu.mochi.at/produkte/p/sojasauce-mit-yuzu.html]
[cdn.shopify.com/s/files/1/0550/2494/3363/files/Reisschale-blau-weiss.ae4f.jpg]
[shoppu.mochi.at/produkte/p/reis-schale-blau-weiss.html]
[cdn.shopify.com/s/files/1/0550/2494/3363/files/50849.jpg]
[shoppu.mochi.at/produkte/p/gomedare-sesam-dashi.html]
[cdn.shopify.com/s/files/1/0550/2494/3363/files/matcha-set...1edd.jpg]
[shoppu.mochi.at/produkte/p/matcha-schussel-set-grun.html]
[cdn.shopify.com/s/files/1/0550/2494/3363/files/Bambusloeffel-hell-gross971f.jpg]
[shoppu.mochi.at/produkte/p/reisloffel-aus-bambus.html]
[cdn.shopify.com/s/files/1/0550/2494/3363/products/075a87105b6623c20568e2e467a0924c6742.jpg]
[shoppu.mochi.at/produkte/p/umeboshi-paste-100g.html]
[cdn.shopify.com/s/files/1/0550/2494/3363/files/Saucen_-Oele-Essige06f6.jpg]
[shoppu.mochi.at/produkte/p/vegetarisches-shiro-dashi.html]
[shoppu.mochi.at/produkte/index.html]
[cdn.shopify.com/s/files/1/0550/2494/3363/products/Helle-Soja-Sauce6cbd.jpg]
[shoppu.mochi.at/produkte/p/helle-soja-sauce-mochi-bio.html]
[cdn.shopify.com/s/files/1/0550/2494/3363/products/yuzu-juice-of-ja-higashi-tokushima6400.jpg]
[shoppu.mochi.at/produkte/p/yuzu-juice-higashi-tokushima-360ml.html]
[cdn.shopify.com/s/files/1/0550/2494/3363/products/46297d3dcc93c5fa21e09636aec66e2db46f.jpg]
[shoppu.mochi.at/produkte/p/premium-dried-wakame-pieces-15g.html]
[cdn.shopify.com/s/files/1/0550/2494/3363/products/Japanese-Premium-Seaweed-Mixed-SAladd435.jpg]
[shoppu.mochi.at/produkte/p/japanese-premium-seaweed-mixed-salad-20g.html]
[cdn.shopify.com/s/files/1/0550/2494/3363/products/Katsuobushi757a.jpg]
[shoppu.mochi.at/produkte/p/bonito-flakes-katsuobushi-40g.html]
[cdn.shopify.com/s/files/1/0550/2494/3363/products/Wasabi-Furikake9c8c.jpg]
[shoppu.mochi.at/produkte/p/furikake-wasabi-nihon-kaisui-50g.html]
[cdn.shopify.com/s/files/1/0550/2494/3363/files/vegetarian-Shiro-DAshi47fe.jpg]
[shoppu.mochi.at/produkte/p/vegetarische-shiro-dashi-300ml.html]
[cdn.shopify.com/s/files/1/0550/2494/3363/files/Phil-gr039b.jpg]
[shoppu.mochi.at/produkte/p/phil-organic-olivenol.html]
[cdn.shopify.com/s/files/1/0550/2494/3363/files/pure-black-Vinegar5b53.jpg]
[shoppu.mochi.at/produkte/p/brauner-reisessig-360ml.html]
[cdn.shopify.com/s/files/1/0550/2494/3363/products/Yume-Nishikiacf9.jpg]
[shoppu.mochi.at/produkte/p/yume-nishiki-rice.html]
[cdn.shopify.com/s/files/1/0550/2494/3363/files/soft-Pankoe22a.jpg]
[shoppu.mochi.at/produkte/p/soft-panko.html]
[cdn.shopify.com/s/files/1/0550/2494/3363/products/Rice-Misocc5d.jpg]
[cdn.shopify.com/s/files/1/0550/2494/3363/products/rote-Miso79da.jpg]
[shoppu.mochi.at/produkte/p/rice-miso-500g.html]
[cdn.shopify.com/s/files/1/0550/2494/3363/products/dunkle-Misof260.jpg]
[shoppu.mochi.at/produkte/p/red-miso-500g.html]
[cdn.shopify.com/s/files/1/0550/2494/3363/products/yuzu-miso226c.jpg]
[shoppu.mochi.at/produkte/p/yuzu-miso-150g.html]
[cdn.shopify.com/s/files/1/0550/2494/3363/products/Miso-with-shiso914d.jpg]
[shoppu.mochi.at/produkte/p/miso-with-shiso-150g.html]
[cdn.shopify.com/s/files/1/0550/2494/3363/products/Kewpie4e51.jpg]
[shoppu.mochi.at/produkte/p/qp-mayonnaise.html]
[cdn.shopify.com/s/files/1/0550/2494/3363/files/hon-mirin-authenticd7d9.jpg]
[shoppu.mochi.at/produkte/p/hn-mirini-500ml-14-vol.html]
[shoppu.mochi.at/produkte/p/kinder-bowl-sakana.html]
[cdn.shopify.com/s/files/1/0550/2494/3363/products/fc1b16194fa5f57eeb4b70622a3b724f_7167b702-43a9-4e16-a12b-e618f3c60e26951e.jpg]
[shoppu.mochi.at/produkte/p/dashi-kombu-soy-sauce-500ml.html]
[cdn.shopify.com/s/files/1/0550/2494/3363/products/fc1b16194fa5f57eeb4b70622a3b724f7a00.jpg]
[shoppu.mochi.at/produkte/p/soja-sauce-premium-ohitachi.html]
[cdn.shopify.com/s/files/1/0550/2494/3363/files/Yuzu-Pepper6a64.jpg]
[shoppu.mochi.at/produkte/p/yuzu-kosho-50g.html]
[cdn.shopify.com/s/files/1/0550/2494/3363/files/12.76a6.jpg]
[shoppu.mochi.at/produkte/p/schale-blau-weiss-1.html]
[cdn.shopify.com/s/files/1/0550/2494/3363/files/Sushiset-graublaua233.jpg]
[shoppu.mochi.at/produkte/p/sushi-set-grau-blau.html]
[cdn.shopify.com/s/files/1/0550/2494/3363/files/sesame-oil-KUKI995a.jpg]
[shoppu.mochi.at/produkte/p/sesam-ol-170-ml.html]
[cdn.shopify.com/s/files/1/0550/2494/3363/files/Sushiset-Fisch.bb4a.jpg]
[shoppu.mochi.at/produkte/p/sushi-set-fur-2-personen-sakana.html]
[cdn.shopify.com/s/files/1/0550/2494/3363/files/Tempura-Batter-Mixa573.jpg]
[shoppu.mochi.at/produkte/p/tempura-teig-mix.html]
[cdn.shopify.com/s/files/1/0550/2494/3363/products/roasted-sesame-wasabi-flavor4a2b.jpg]
[shoppu.mochi.at/produkte/p/roasted-sesame-flavor-80g.html]
[cdn.shopify.com/s/files/1/0550/2494/3363/products/Yuzu-Sesame0e3.jpg]
[shoppu.mochi.at/produkte/p/roasted-sesame-with-yuzu.html]
[shoppu.mochi.at/produkte/index.html]
[cdn.shopify.com/s/files/1/0550/2494/3363/files/Kinder-Schale-Fisch..0a61.jpg]
[shoppu.mochi.at/produkte/p/kinder-bowl-sakana.html]
[shoppu.mochi.at/produkte/p/chili-paste-hot.html]
[cdn.shopify.com/s/files/1/0550/2494/3363/products/chilli86a4.jpg]
[shoppu.mochi.at/produkte/p/chili-paste-hot.html]
